// Jest Snapshot v1, https://goo.gl/fbAQLP

exports[`Greeter: it renders without exception: props:message 1`] = `
<h1>
  Hello World!
</h1>
`;

exports[`Greeter: it renders without exception: props:none 1`] = `<h1 />`;
